{2 3 4 5}
{3 1.5 1 0.75}
{1 8 27}
{5 6 7}
{-1 -2 -4}
