{{7 9} {11 13 5}}
{{-5 -5} {-5 -5 5}}
{{0.166667 0.285714} {0.375 0.444444 inf}}
{{6 14} {24 36 0}}
{{1 128} {6561 262144 1}}
{{1 1} {1 1 1}}
{{1 1} {1 1 0}}
